// Jest Snapshot v1, https://goo.gl/fbAQLP

exports[`<GameBox /> renders the <GameBox /> components 1`] = `
<ForwardRef
  callback={[Function]}
  id="1"
>
  <Col
    span={1}
    xl={8}
  >
    <div
      className="ant-col ant-col-1 ant-col-xl-8"
    >
      <Button
        block={false}
        ghost={false}
        htmlType="button"
        id="1"
        key="1"
        loading={false}
        onClick={[Function]}
      >
        <Wave>
          <button
            className="ant-btn"
            id="1"
            onClick={[Function]}
            type="button"
          >
            <span
              key=".0"
            >
              -
            </span>
          </button>
        </Wave>
      </Button>
    </div>
  </Col>
</ForwardRef>
`;
